// Jest Snapshot v1, https://goo.gl/fbAQLP

exports[`Matches snapshot 1`] = `
<div
  data-testid="embed-map"
  id="embed-map"
  onClick={[Function]}
  style={
    Object {
      "backgroundImage": "url(./img/bat-bun-map.jpg)",
    }
  }
/>
`;
