// Jest Snapshot v1, https://goo.gl/fbAQLP

exports[`Matches snapshot 1`] = `
<div
  data-testid="hero-image"
  id="hero-image"
  style={
    Object {
      "backgroundImage": "url(./img/hero-image.jpg)",
    }
  }
/>
`;
